[tamashi-themes.com/themes/bamboo/index.html]
[backblue.gif]
[fade.gif]
[index.html]
[maxcdn.bootstrapcdn.com/font-awesome/4.1.0/css/font-awesome.min.css]
[www.google-analytics.com/analytics.js]
[tamashi-themes.com/themes/bamboo/shortcodes.html]
[tamashi-themes.com/themes/bamboo/assets/img/team/team-1.jpg]
[tamashi-themes.com/themes/bamboo/assets/img/team/team-2.jpg]
[tamashi-themes.com/themes/bamboo/assets/img/team/team-3.jpg]
[tamashi-themes.com/themes/bamboo/assets/img/team/team-4.jpg]
[tamashi-themes.com/themes/bamboo/assets/img/clients/1.png]
[tamashi-themes.com/themes/bamboo/assets/img/clients/2.png]
[tamashi-themes.com/themes/bamboo/assets/img/clients/3.png]
[tamashi-themes.com/themes/bamboo/assets/img/clients/4.png]
[tamashi-themes.com/themes/bamboo/assets/img/clients/5.png]
[tamashi-themes.com/themes/bamboo/assets/img/clients/6.png]
[tamashi-themes.com/themes/bamboo/assets/img/portfolio/1.jpg]
[tamashi-themes.com/themes/bamboo/assets/img/portfolio/2.jpg]
[tamashi-themes.com/themes/bamboo/assets/img/portfolio/3.jpg]
[tamashi-themes.com/themes/bamboo/assets/img/portfolio/4.jpg]
[tamashi-themes.com/themes/bamboo/assets/img/portfolio/5.jpg]
[tamashi-themes.com/themes/bamboo/assets/img/portfolio/6.jpg]
[tamashi-themes.com/themes/bamboo/assets/img/portfolio/7.jpg]
[tamashi-themes.com/themes/bamboo/assets/img/portfolio/8.jpg]
[tamashi-themes.com/themes/bamboo/assets/img/social/32px/Facebook.png]
[tamashi-themes.com/themes/bamboo/assets/img/social/32px/Twitter.png]
[tamashi-themes.com/themes/bamboo/assets/img/social/32px/Dribbble.png]
[tamashi-themes.com/themes/bamboo/assets/img/social/32px/LinkedIn.png]
[tamashi-themes.com/themes/bamboo/assets/img/social/32px/Instagram.png]
[tamashi-themes.com/themes/bamboo/assets/img/social/32px/Behance.png]
[tamashi-themes.com/themes/bamboo/assets/img/social/32px/GitHub.png]
[tamashi-themes.com/themes/bamboo/assets/img/social/32px/Flickr.png]
[tamashi-themes.com/themes/bamboo/assets/img/social/32px/YouTube.png]
[tamashi-themes.com/themes/bamboo/assets/img/social/32px/Tumblr.png]
[tamashi-themes.com/themes/bamboo/assets/img/social/32px/Spotify.png]
[tamashi-themes.com/themes/bamboo/assets/img/social/32px/DeviantART.png]
[tamashi-themes.com/themes/bamboo/assets/bootstrap/js/bootstrap.min.js]
[tamashi-themes.com/themes/bamboo/assets/js/easing/jquery.easing.min.js]
[tamashi-themes.com/themes/bamboo/assets/js/gmaps/gmaps.js]
[code.jquery.com/jquery-1.10.2.min.js]
[tamashi-themes.com/themes/bamboo/assets/js/shuffle/jquery.shuffle.min.js]
[tamashi-themes.com/themes/bamboo/assets/js/slippry/slippry.min.js]
[tamashi-themes.com/themes/bamboo/assets/js/lightGallery/js/lightGallery.js]
[tamashi-themes.com/themes/bamboo/assets/js/wow/wow.min.js]
[tamashi-themes.com/themes/bamboo/assets/js/contact/contact.js]
[tamashi-themes.com/themes/bamboo/assets/js/main.js]
[tamashi-themes.com/themes/bamboo/index.html]
[tamashi-themes.com/themes/bamboo/ico/favicon.html]
[tamashi-themes.com/themes/bamboo/assets/bootstrap/fonts/glyphicons-halflings-regular.eot]
[tamashi-themes.com/themes/bamboo/assets/bootstrap/fonts/glyphicons-halflings-regulard41d.eot]
[tamashi-themes.com/themes/bamboo/assets/bootstrap/fonts/glyphicons-halflings-regular.woff]
[tamashi-themes.com/themes/bamboo/assets/bootstrap/fonts/glyphicons-halflings-regular.ttf]
[tamashi-themes.com/themes/bamboo/assets/bootstrap/fonts/glyphicons-halflings-regular.svg]
[tamashi-themes.com/themes/bamboo/assets/bootstrap/css/bootstrap.min.css]
[tamashi-themes.com/themes/bamboo/assets/fonts/glyphicons-halflings-regular.eot]
[tamashi-themes.com/themes/bamboo/assets/fonts/glyphicons-halflings-regular.woff]
[tamashi-themes.com/themes/bamboo/assets/fonts/glyphicons-halflings-regulard41d.eot]
[tamashi-themes.com/themes/bamboo/assets/fonts/glyphicons-halflings-regular.ttf]
[tamashi-themes.com/themes/bamboo/assets/fonts/outlined-iconset.eot]
[tamashi-themes.com/themes/bamboo/assets/fonts/outlined-iconset.woff]
[tamashi-themes.com/themes/bamboo/assets/fonts/outlined-iconsetd41d.eot]
[tamashi-themes.com/themes/bamboo/assets/fonts/outlined-iconset.ttf]
[tamashi-themes.com/themes/bamboo/style.css]
[tamashi-themes.com/themes/bamboo/assets/img/theme-bg.jpg]
[tamashi-themes.com/themes/bamboo/assets/img/sy-loader.gif]
[tamashi-themes.com/themes/bamboo/assets/css/slippry/slippry.css]
[tamashi-themes.com/themes/bamboo/assets/js/lightGallery/fonts/Slide-icons.eot]
[tamashi-themes.com/themes/bamboo/assets/js/lightGallery/img/loading.gif]
[tamashi-themes.com/themes/bamboo/assets/js/lightGallery/css/lightGallery.css]
[tamashi-themes.com/themes/bamboo/assets/css/animate.css/animate.css]
[maxcdn.bootstrapcdn.com/font-awesome/4.1.0/css/font-awesome.min.css]
[tamashi-themes.com/themes/bamboo/assets/js/contact.js]
[tamashi-themes.com/themes/bamboo/shortcodes.html]
[tamashi-themes.com/themes/bamboo/assets/bootstrap/fonts/glyphicons-halflings-regular.html]
[tamashi-themes.com/themes/bamboo/assets/bootstrap/fonts/glyphicons-halflings-regulard41d.html]
[tamashi-themes.com/themes/bamboo/assets/bootstrap/fonts/glyphicons-halflings-regular-2.html]
[tamashi-themes.com/themes/bamboo/assets/bootstrap/fonts/glyphicons-halflings-regular-3.html]
[tamashi-themes.com/themes/bamboo/assets/bootstrap/fonts/glyphicons-halflings-regular-4.html]
[tamashi-themes.com/themes/bamboo/assets/fonts/glyphicons-halflings-regular.svg]
[tamashi-themes.com/themes/bamboo/assets/fonts/outlined-iconset.svg]
[tamashi-themes.com/themes/bamboo/assets/img/arrows.svg]
[netdna.bootstrapcdn.com/bootstrap/3.0.3/js/bootstrap.min.js]
[tamashi-themes.com/themes/bamboo/assets/js/contact.html]
